<articulo nombre="n64">
    <precio1>11</precio1>
    <precio2>16.775</precio2>
    <precio3>22</precio3>
</articulo>