<articulo nombre="n64">
    <precio1>12</precio1>
    <precio2>18.3</precio2>
    <precio3>24</precio3>
</articulo>